node.exe : (node:37012) Warning: 
`--localstorage-file` was provided without 
a valid path
At line:1 char:1
+ & "C:\nvm4w\nodejs/node.exe" 
"C:\nvm4w\nodejs/node_modules/npm/bin/np ...
+ ~~~~~~~~~~~~~~~~~~~~~~~~~~~~~~~~~~~~~~~~~~
~~~~~~~~~~~~~~~~~~~~~~~~~~~
    + CategoryInfo          : NotSpecified: 
    ((node:37012) Wa...ut a valid path:Str  
  ing) [], RemoteException
    + FullyQualifiedErrorId : NativeCommand 
   Error
 
(Use `node --trace-warnings ...` to show 
where the warning was created)
FAIL 
data/planner/__tests__/evaluator.test.ts
  ΓùÅ Planner Evaluator ΓÇ║ applies 
penalties for repeating recipes and 
archetype density

    TypeError: Cannot read properties of 
null (reading 'penalties')

    [0m [90m 60 |[39m     
     [90m 61 |[39m     [90m// 1 repeat = 
15 penalty, 1 Staple density = 5 penalty. 
Total 20 penalty.[39m
    [31m[1m>[22m[39m[90m 62 |[39m     
expect(candidate[33m.[39mpenalties[33m.[
39mrepeatPenalty)[33m.[39mtoBe([35m15[39
m)[33m;[39m
     [90m    |[39m                      
[31m[1m^[22m[39m
     [90m 63 |[39m     expect(candidate[3
3m.[39mpenalties[33m.[39marchetypePenalty
)[33m.[39mtoBe([35m5[39m)[33m;[39m
     [90m 64 |[39m   })[33m;[39m
     [90m 65 |[39m[0m

      at Object.penalties (data/planner/__te
sts__/evaluator.test.ts:62:22)

PASS 
data/planner/__tests__/orchestrator.test.ts

Test Suites: 1 failed, 1 passed, 2 total
Tests:       1 failed, 13 passed, 14 total
Snapshots:   0 total
Time:        0.377 s, estimated 1 s
Ran all test suites matching data/planner.
